// Jest Snapshot v1, https://goo.gl/fbAQLP

exports[`ActiveStorageProvider renders a DirectUploadProvider 1`] = `
<div
  data-component="DirectUploadProvider"
  directUploadsPath="direct_uploads/"
  headers={
    Object {
      "X-Custom": true,
    }
  }
  multiple={false}
  onBeforeBlobRequest={[MockFunction]}
  onBeforeStorageRequest={[MockFunction]}
  onError={[MockFunction]}
  onSuccess={[Function]}
  origin={
    Object {
      "host": undefined,
      "port": undefined,
      "protocol": undefined,
    }
  }
  render={[Function]}
/>
`;
